This is XeTeX, Version 3.141592653-2.6-0.999993 (MiKTeX 22.1) (preloaded format=xelatex 2025.4.14)  10 SEP 2025 14:59
entering extended mode
 restricted \write18 enabled.
 %&-line parsing enabled.
**./abstract.tex
(abstract.tex
LaTeX2e <2024-11-01> patch level 2
L3 programming layer <2025-01-18>
(cv.cls
Document Class: cv 2023/02/05 Curriculum Vitae Class

(/Users/benjaminbubnick/Library/Application Support/MiKTeX/texmfs/install/tex/l
atex/base/article.cls
Document Class: article 2024/06/29 v1.4n Standard LaTeX document class

(/Users/benjaminbubnick/Library/Application Support/MiKTeX/texmfs/install/tex/l
atex/base/size11.clo
File: size11.clo 2024/06/29 v1.4n Standard LaTeX file (size option)
)
\c@part=\count192
\c@section=\count193
\c@subsection=\count194
\c@subsubsection=\count195
\c@paragraph=\count196
\c@subparagraph=\count197
\c@figure=\count198
\c@table=\count199
\abovecaptionskip=\skip49
\belowcaptionskip=\skip50
\bibindent=\dimen141
)
(/Users/benjaminbubnick/Library/Application Support/MiKTeX/texmfs/install/tex/l
atex/tools/array.sty
Package: array 2024/10/17 v2.6g Tabular extension package (FMi)
\col@sep=\dimen142
\ar@mcellbox=\box52
\extrarowheight=\dimen143
\NC@list=\toks17
\extratabsurround=\skip51
\backup@length=\skip52
\ar@cellbox=\box53
)
(/Users/benjaminbubnick/Library/Application Support/MiKTeX/texmfs/install/tex/l
atex/enumitem/enumitem.sty
Package: enumitem 2025/02/06 v3.11 Customized lists
\enitkv@toks@=\toks18
\labelindent=\skip53
\enit@outerparindent=\dimen144
\enit@toks=\toks19
\enit@inbox=\box54
\enit@count@id=\count266
\enitdp@description=\count267
)
(/Users/benjaminbubnick/Library/Application Support/MiKTeX/texmfs/install/tex/l
atex/ragged2e/ragged2e.sty
Package: ragged2e 2023/06/22 v3.6 ragged2e Package
\CenteringLeftskip=\skip54
\RaggedLeftLeftskip=\skip55
\RaggedRightLeftskip=\skip56
\CenteringRightskip=\skip57
\RaggedLeftRightskip=\skip58
\RaggedRightRightskip=\skip59
\CenteringParfillskip=\skip60
\RaggedLeftParfillskip=\skip61
\RaggedRightParfillskip=\skip62
\JustifyingParfillskip=\skip63
\CenteringParindent=\skip64
\RaggedLeftParindent=\skip65
\RaggedRightParindent=\skip66
\JustifyingParindent=\skip67
)
(/Users/benjaminbubnick/Library/Application Support/MiKTeX/texmfs/install/tex/l
atex/geometry/geometry.sty
Package: geometry 2020/01/02 v5.9 Page Geometry

(/Users/benjaminbubnick/Library/Application Support/MiKTeX/texmfs/install/tex/l
atex/graphics/keyval.sty
Package: keyval 2022/05/29 v1.15 key=value parser (DPC)
\KV@toks@=\toks20
)
(/Users/benjaminbubnick/Library/Application Support/MiKTeX/texmfs/install/tex/g
eneric/iftex/ifvtex.sty
Package: ifvtex 2019/10/25 v1.7 ifvtex legacy package. Use iftex instead.

(/Users/benjaminbubnick/Library/Application Support/MiKTeX/texmfs/install/tex/g
eneric/iftex/iftex.sty
Package: iftex 2024/12/12 v1.0g TeX engine tests
))
\Gm@cnth=\count268
\Gm@cntv=\count269
\c@Gm@tempcnt=\count270
\Gm@bindingoffset=\dimen145
\Gm@wd@mp=\dimen146
\Gm@odd@mp=\dimen147
\Gm@even@mp=\dimen148
\Gm@layoutwidth=\dimen149
\Gm@layoutheight=\dimen150
\Gm@layouthoffset=\dimen151
\Gm@layoutvoffset=\dimen152
\Gm@dimlist=\toks21

(/Users/benjaminbubnick/Library/Application Support/MiKTeX/texmfs/install/tex/l
atex/geometry/geometry.cfg))
(/Users/benjaminbubnick/Library/Application Support/MiKTeX/texmfs/install/tex/l
atex/fancyhdr/fancyhdr.sty
Package: fancyhdr 2025/02/07 v5.2 Extensive control of page headers and footers

\f@nch@headwidth=\skip68
\f@nch@offset@elh=\skip69
\f@nch@offset@erh=\skip70
\f@nch@offset@olh=\skip71
\f@nch@offset@orh=\skip72
\f@nch@offset@elf=\skip73
\f@nch@offset@erf=\skip74
\f@nch@offset@olf=\skip75
\f@nch@offset@orf=\skip76
\f@nch@height=\skip77
\f@nch@footalignment=\skip78
\f@nch@widthL=\skip79
\f@nch@widthC=\skip80
\f@nch@widthR=\skip81
\@temptokenb=\toks22
)
(/Users/benjaminbubnick/Library/Application Support/MiKTeX/texmfs/install/tex/l
atex/xcolor/xcolor.sty
Package: xcolor 2024/09/29 v3.02 LaTeX color extensions (UK)

(/Users/benjaminbubnick/Library/Application Support/MiKTeX/texmfs/install/tex/l
atex/graphics-cfg/color.cfg
File: color.cfg 2016/01/02 v1.6 sample color configuration
)
Package xcolor Info: Driver file: xetex.def on input line 274.

(/Users/benjaminbubnick/Library/Application Support/MiKTeX/texmfs/install/tex/l
atex/graphics-def/xetex.def
File: xetex.def 2022/09/22 v5.0n Graphics/color driver for xetex
)
(/Users/benjaminbubnick/Library/Application Support/MiKTeX/texmfs/install/tex/l
atex/graphics/mathcolor.ltx)
Package xcolor Info: Model `cmy' substituted by `cmy0' on input line 1349.
Package xcolor Info: Model `RGB' extended on input line 1365.
Package xcolor Info: Model `HTML' substituted by `rgb' on input line 1367.
Package xcolor Info: Model `Hsb' substituted by `hsb' on input line 1368.
Package xcolor Info: Model `tHsb' substituted by `hsb' on input line 1369.
Package xcolor Info: Model `HSB' substituted by `hsb' on input line 1370.
Package xcolor Info: Model `Gray' substituted by `gray' on input line 1371.
Package xcolor Info: Model `wave' substituted by `hsb' on input line 1372.
)
(/Users/benjaminbubnick/Library/Application Support/MiKTeX/texmfs/install/tex/g
eneric/iftex/ifxetex.sty
Package: ifxetex 2019/10/25 v0.7 ifxetex legacy package. Use iftex instead.
)
(/Users/benjaminbubnick/Library/Application Support/MiKTeX/texmfs/install/tex/l
atex/xifthen/xifthen.sty
Package: xifthen 2015/11/05 v1.4.0 Extended ifthen features

(/Users/benjaminbubnick/Library/Application Support/MiKTeX/texmfs/install/tex/l
atex/tools/calc.sty
Package: calc 2023/07/08 v4.3 Infix arithmetic (KKT,FJ)
\calc@Acount=\count271
\calc@Bcount=\count272
\calc@Adimen=\dimen153
\calc@Bdimen=\dimen154
\calc@Askip=\skip82
\calc@Bskip=\skip83
LaTeX Info: Redefining \setlength on input line 80.
LaTeX Info: Redefining \addtolength on input line 81.
\calc@Ccount=\count273
\calc@Cskip=\skip84
)
(/Users/benjaminbubnick/Library/Application Support/MiKTeX/texmfs/install/tex/l
atex/base/ifthen.sty
Package: ifthen 2024/03/16 v1.1e Standard LaTeX ifthen package (DPC)
)
(/Users/benjaminbubnick/Library/Application Support/MiKTeX/texmfs/install/tex/l
atex/ifmtarg/ifmtarg.sty
Package: ifmtarg 2018/04/16 v1.2b check for an empty argument
))
(/Users/benjaminbubnick/Library/Application Support/MiKTeX/texmfs/install/tex/l
atex/etoolbox/etoolbox.sty
Package: etoolbox 2025/02/11 v2.5l e-TeX tools for LaTeX (JAW)
\etb@tempcnta=\count274
)
(/Users/benjaminbubnick/Library/Application Support/MiKTeX/texmfs/install/tex/l
atex/setspace/setspace.sty
Package: setspace 2022/12/04 v6.7b set line spacing
)
(/Users/benjaminbubnick/Library/Application Support/MiKTeX/texmfs/install/tex/l
atex/fontspec/fontspec.sty
(/Users/benjaminbubnick/Library/Application Support/MiKTeX/texmfs/install/tex/l
atex/l3packages/xparse/xparse.sty
(/Users/benjaminbubnick/Library/Application Support/MiKTeX/texmfs/install/tex/l
atex/l3kernel/expl3.sty
Package: expl3 2025-01-18 L3 programming layer (loader) 

(/Users/benjaminbubnick/Library/Application Support/MiKTeX/texmfs/install/tex/l
atex/l3backend/l3backend-xetex.def
File: l3backend-xetex.def 2024-05-08 L3 backend support: XeTeX
\g__graphics_track_int=\count275
\l__pdf_internal_box=\box55
\g__pdf_backend_annotation_int=\count276
\g__pdf_backend_link_int=\count277
))
Package: xparse 2024-08-16 L3 Experimental document command parser
)
Package: fontspec 2024/05/11 v2.9e Font selection for XeLaTeX and LuaLaTeX

(/Users/benjaminbubnick/Library/Application Support/MiKTeX/texmfs/install/tex/l
atex/fontspec/fontspec-xetex.sty
Package: fontspec-xetex 2024/05/11 v2.9e Font selection for XeLaTeX and LuaLaTe
X
\l__fontspec_script_int=\count278
\l__fontspec_language_int=\count279
\l__fontspec_strnum_int=\count280
\l__fontspec_tmp_int=\count281
\l__fontspec_tmpa_int=\count282
\l__fontspec_tmpb_int=\count283
\l__fontspec_tmpc_int=\count284
\l__fontspec_em_int=\count285
\l__fontspec_emdef_int=\count286
\l__fontspec_strong_int=\count287
\l__fontspec_strongdef_int=\count288
\l__fontspec_tmpa_dim=\dimen155
\l__fontspec_tmpb_dim=\dimen156
\l__fontspec_tmpc_dim=\dimen157

(/Users/benjaminbubnick/Library/Application Support/MiKTeX/texmfs/install/tex/l
atex/base/fontenc.sty
Package: fontenc 2021/04/29 v2.0v Standard LaTeX package
)
(/Users/benjaminbubnick/Library/Application Support/MiKTeX/texmfs/install/tex/l
atex/fontspec/fontspec.cfg)))
(/Users/benjaminbubnick/Library/Application Support/MiKTeX/texmfs/install/tex/l
atex/unicode-math/unicode-math.sty
Package: unicode-math 2023/08/13 v0.8r Unicode maths in XeLaTeX and LuaLaTeX

(/Users/benjaminbubnick/Library/Application Support/MiKTeX/texmfs/install/tex/l
atex/unicode-math/unicode-math-xetex.sty
Package: unicode-math-xetex 2023/08/13 v0.8r Unicode maths in XeLaTeX and LuaLa
TeX

(/Users/benjaminbubnick/Library/Application Support/MiKTeX/texmfs/install/tex/l
atex/l3packages/l3keys2e/l3keys2e.sty
Package: l3keys2e 2024-08-16 LaTeX2e option processing using LaTeX3 keys
)
(/Users/benjaminbubnick/Library/Application Support/MiKTeX/texmfs/install/tex/l
atex/base/fix-cm.sty
Package: fix-cm 2020/11/24 v1.1t fixes to LaTeX

(/Users/benjaminbubnick/Library/Application Support/MiKTeX/texmfs/install/tex/l
atex/base/ts1enc.def
File: ts1enc.def 2001/06/05 v3.0e (jk/car/fm) Standard LaTeX file
LaTeX Font Info:    Redeclaring font encoding TS1 on input line 47.
))
(/Users/benjaminbubnick/Library/Application Support/MiKTeX/texmfs/install/tex/l
atex/amsmath/amsmath.sty
Package: amsmath 2024/11/05 v2.17t AMS math features
\@mathmargin=\skip85

For additional information on amsmath, use the `?' option.

(/Users/benjaminbubnick/Library/Application Support/MiKTeX/texmfs/install/tex/l
atex/amsmath/amstext.sty
Package: amstext 2021/08/26 v2.01 AMS text

(/Users/benjaminbubnick/Library/Application Support/MiKTeX/texmfs/install/tex/l
atex/amsmath/amsgen.sty
File: amsgen.sty 1999/11/30 v2.0 generic functions
\@emptytoks=\toks23
\ex@=\dimen158
))
(/Users/benjaminbubnick/Library/Application Support/MiKTeX/texmfs/install/tex/l
atex/amsmath/amsbsy.sty
Package: amsbsy 1999/11/29 v1.2d Bold Symbols
\pmbraise@=\dimen159
)
(/Users/benjaminbubnick/Library/Application Support/MiKTeX/texmfs/install/tex/l
atex/amsmath/amsopn.sty
Package: amsopn 2022/04/08 v2.04 operator names
)
\inf@bad=\count289
LaTeX Info: Redefining \frac on input line 233.
\uproot@=\count290
\leftroot@=\count291
LaTeX Info: Redefining \overline on input line 398.
LaTeX Info: Redefining \colon on input line 409.
\classnum@=\count292
\DOTSCASE@=\count293
LaTeX Info: Redefining \ldots on input line 495.
LaTeX Info: Redefining \dots on input line 498.
LaTeX Info: Redefining \cdots on input line 619.
\Mathstrutbox@=\box56
\strutbox@=\box57
LaTeX Info: Redefining \big on input line 721.
LaTeX Info: Redefining \Big on input line 722.
LaTeX Info: Redefining \bigg on input line 723.
LaTeX Info: Redefining \Bigg on input line 724.
\big@size=\dimen160
LaTeX Font Info:    Redeclaring font encoding OML on input line 742.
LaTeX Font Info:    Redeclaring font encoding OMS on input line 743.
\macc@depth=\count294
LaTeX Info: Redefining \bmod on input line 904.
LaTeX Info: Redefining \pmod on input line 909.
LaTeX Info: Redefining \smash on input line 939.
LaTeX Info: Redefining \relbar on input line 969.
LaTeX Info: Redefining \Relbar on input line 970.
\c@MaxMatrixCols=\count295
\dotsspace@=\muskip17
\c@parentequation=\count296
\dspbrk@lvl=\count297
\tag@help=\toks24
\row@=\count298
\column@=\count299
\maxfields@=\count300
\andhelp@=\toks25
\eqnshift@=\dimen161
\alignsep@=\dimen162
\tagshift@=\dimen163
\tagwidth@=\dimen164
\totwidth@=\dimen165
\lineht@=\dimen166
\@envbody=\toks26
\multlinegap=\skip86
\multlinetaggap=\skip87
\mathdisplay@stack=\toks27
LaTeX Info: Redefining \[ on input line 2953.
LaTeX Info: Redefining \] on input line 2954.
)
\g__um_fam_int=\count301
\g__um_fonts_used_int=\count302
\l__um_primecount_int=\count303
\g__um_primekern_muskip=\muskip18

(/Users/benjaminbubnick/Library/Application Support/MiKTeX/texmfs/install/tex/l
atex/unicode-math/unicode-math-table.tex)))
(/Users/benjaminbubnick/Library/Application Support/MiKTeX/texmfs/install/tex/l
atex/fontawesome5/fontawesome5.sty
Package: fontawesome5 2022/05/02 v5.15.4 Font Awesome 5

(/Users/benjaminbubnick/Library/Application Support/MiKTeX/texmfs/install/tex/l
atex/fontawesome5/fontawesome5-utex-helper.sty
Package: fontawesome5-utex-helper 2022/05/02 v5.15.4 uTeX helper for fontawesom
e5
LaTeX Font Info:    Trying to load font information for TU+fontawesomefree on i
nput line 69.

(/Users/benjaminbubnick/Library/Application Support/MiKTeX/texmfs/install/tex/l
atex/fontawesome5/tufontawesomefree.fd)
LaTeX Font Info:    Trying to load font information for TU+fontawesomebrands on
 input line 70.

(/Users/benjaminbubnick/Library/Application Support/MiKTeX/texmfs/install/tex/l
atex/fontawesome5/tufontawesomebrands.fd)))
(/Users/benjaminbubnick/Library/Application Support/MiKTeX/texmfs/install/tex/l
atex/sourcesanspro/sourcesanspro.sty
Package: sourcesanspro 2018/05/19 v2.7 Adobe's Source Sans Pro typeface

(/Users/benjaminbubnick/Library/Application Support/MiKTeX/texmfs/install/tex/g
eneric/iftex/ifluatex.sty
Package: ifluatex 2019/10/25 v1.5 ifluatex legacy package. Use iftex instead.
)
(/Users/benjaminbubnick/Library/Application Support/MiKTeX/texmfs/install/tex/l
atex/xkeyval/xkeyval.sty
Package: xkeyval 2022/06/16 v2.9 package option processing (HA)

(/Users/benjaminbubnick/Library/Application Support/MiKTeX/texmfs/install/tex/g
eneric/xkeyval/xkeyval.tex
(/Users/benjaminbubnick/Library/Application Support/MiKTeX/texmfs/install/tex/g
eneric/xkeyval/xkvutils.tex
\XKV@toks=\toks28
\XKV@tempa@toks=\toks29
)
\XKV@depth=\count304
File: xkeyval.tex 2014/12/03 v2.7a key=value parser (HA)
))
LaTeX Font Info:    Overwriting math alphabet `\mathsf' in version `normal'
(Font)                  OT1/cmss/m/n --> TU/SourceSansPro(1)/m/n on input line 
123.
LaTeX Font Info:    Overwriting math alphabet `\mathsf' in version `bold'
(Font)                  OT1/cmss/bx/n --> TU/SourceSansPro(1)/bx/n on input lin
e 123.
)
(/Users/benjaminbubnick/Library/Application Support/MiKTeX/texmfs/install/tex/l
atex/tcolorbox/tcolorbox.sty
Package: tcolorbox 2024/10/22 version 6.4.1 text color boxes

(/Users/benjaminbubnick/Library/Application Support/MiKTeX/texmfs/install/tex/l
atex/pgf/frontendlayer/tikz.sty
(/Users/benjaminbubnick/Library/Application Support/MiKTeX/texmfs/install/tex/l
atex/pgf/basiclayer/pgf.sty
(/Users/benjaminbubnick/Library/Application Support/MiKTeX/texmfs/install/tex/l
atex/pgf/utilities/pgfrcs.sty
(/Users/benjaminbubnick/Library/Application Support/MiKTeX/texmfs/install/tex/g
eneric/pgf/utilities/pgfutil-common.tex
\pgfutil@everybye=\toks30
\pgfutil@tempdima=\dimen167
\pgfutil@tempdimb=\dimen168
)
(/Users/benjaminbubnick/Library/Application Support/MiKTeX/texmfs/install/tex/g
eneric/pgf/utilities/pgfutil-latex.def
\pgfutil@abb=\box58
)
(/Users/benjaminbubnick/Library/Application Support/MiKTeX/texmfs/install/tex/g
eneric/pgf/utilities/pgfrcs.code.tex
(/Users/benjaminbubnick/Library/Application Support/MiKTeX/texmfs/install/tex/g
eneric/pgf/pgf.revision.tex)
Package: pgfrcs 2023-01-15 v3.1.10 (3.1.10)
))
Package: pgf 2023-01-15 v3.1.10 (3.1.10)

(/Users/benjaminbubnick/Library/Application Support/MiKTeX/texmfs/install/tex/l
atex/pgf/basiclayer/pgfcore.sty
(/Users/benjaminbubnick/Library/Application Support/MiKTeX/texmfs/install/tex/l
atex/graphics/graphicx.sty
Package: graphicx 2021/09/16 v1.2d Enhanced LaTeX Graphics (DPC,SPQR)

(/Users/benjaminbubnick/Library/Application Support/MiKTeX/texmfs/install/tex/l
atex/graphics/graphics.sty
Package: graphics 2024/08/06 v1.4g Standard LaTeX Graphics (DPC,SPQR)

(/Users/benjaminbubnick/Library/Application Support/MiKTeX/texmfs/install/tex/l
atex/graphics/trig.sty
Package: trig 2023/12/02 v1.11 sin cos tan (DPC)
)
(/Users/benjaminbubnick/Library/Application Support/MiKTeX/texmfs/install/tex/l
atex/graphics-cfg/graphics.cfg
File: graphics.cfg 2016/06/04 v1.11 sample graphics configuration
)
Package graphics Info: Driver file: xetex.def on input line 106.
)
\Gin@req@height=\dimen169
\Gin@req@width=\dimen170
)
(/Users/benjaminbubnick/Library/Application Support/MiKTeX/texmfs/install/tex/l
atex/pgf/systemlayer/pgfsys.sty
(/Users/benjaminbubnick/Library/Application Support/MiKTeX/texmfs/install/tex/g
eneric/pgf/systemlayer/pgfsys.code.tex
Package: pgfsys 2023-01-15 v3.1.10 (3.1.10)

(/Users/benjaminbubnick/Library/Application Support/MiKTeX/texmfs/install/tex/g
eneric/pgf/utilities/pgfkeys.code.tex
\pgfkeys@pathtoks=\toks31
\pgfkeys@temptoks=\toks32

(/Users/benjaminbubnick/Library/Application Support/MiKTeX/texmfs/install/tex/g
eneric/pgf/utilities/pgfkeyslibraryfiltered.code.tex
\pgfkeys@tmptoks=\toks33
))
\pgf@x=\dimen171
\pgf@y=\dimen172
\pgf@xa=\dimen173
\pgf@ya=\dimen174
\pgf@xb=\dimen175
\pgf@yb=\dimen176
\pgf@xc=\dimen177
\pgf@yc=\dimen178
\pgf@xd=\dimen179
\pgf@yd=\dimen180
\w@pgf@writea=\write3
\r@pgf@reada=\read2
\c@pgf@counta=\count305
\c@pgf@countb=\count306
\c@pgf@countc=\count307
\c@pgf@countd=\count308
\t@pgf@toka=\toks34
\t@pgf@tokb=\toks35
\t@pgf@tokc=\toks36
\pgf@sys@id@count=\count309

(/Users/benjaminbubnick/Library/Application Support/MiKTeX/texmfs/install/tex/g
eneric/pgf/systemlayer/pgf.cfg
File: pgf.cfg 2023-01-15 v3.1.10 (3.1.10)
)
Driver file for pgf: pgfsys-xetex.def

(/Users/benjaminbubnick/Library/Application Support/MiKTeX/texmfs/install/tex/g
eneric/pgf/systemlayer/pgfsys-xetex.def
File: pgfsys-xetex.def 2023-01-15 v3.1.10 (3.1.10)

(/Users/benjaminbubnick/Library/Application Support/MiKTeX/texmfs/install/tex/g
eneric/pgf/systemlayer/pgfsys-dvipdfmx.def
File: pgfsys-dvipdfmx.def 2023-01-15 v3.1.10 (3.1.10)

(/Users/benjaminbubnick/Library/Application Support/MiKTeX/texmfs/install/tex/g
eneric/pgf/systemlayer/pgfsys-common-pdf.def
File: pgfsys-common-pdf.def 2023-01-15 v3.1.10 (3.1.10)
)
\pgfsys@objnum=\count310
)))
(/Users/benjaminbubnick/Library/Application Support/MiKTeX/texmfs/install/tex/g
eneric/pgf/systemlayer/pgfsyssoftpath.code.tex
File: pgfsyssoftpath.code.tex 2023-01-15 v3.1.10 (3.1.10)
\pgfsyssoftpath@smallbuffer@items=\count311
\pgfsyssoftpath@bigbuffer@items=\count312
)
(/Users/benjaminbubnick/Library/Application Support/MiKTeX/texmfs/install/tex/g
eneric/pgf/systemlayer/pgfsysprotocol.code.tex
File: pgfsysprotocol.code.tex 2023-01-15 v3.1.10 (3.1.10)
))
(/Users/benjaminbubnick/Library/Application Support/MiKTeX/texmfs/install/tex/g
eneric/pgf/basiclayer/pgfcore.code.tex
Package: pgfcore 2023-01-15 v3.1.10 (3.1.10)

(/Users/benjaminbubnick/Library/Application Support/MiKTeX/texmfs/install/tex/g
eneric/pgf/math/pgfmath.code.tex
(/Users/benjaminbubnick/Library/Application Support/MiKTeX/texmfs/install/tex/g
eneric/pgf/math/pgfmathutil.code.tex)
(/Users/benjaminbubnick/Library/Application Support/MiKTeX/texmfs/install/tex/g
eneric/pgf/math/pgfmathparser.code.tex
\pgfmath@dimen=\dimen181
\pgfmath@count=\count313
\pgfmath@box=\box59
\pgfmath@toks=\toks37
\pgfmath@stack@operand=\toks38
\pgfmath@stack@operation=\toks39
)
(/Users/benjaminbubnick/Library/Application Support/MiKTeX/texmfs/install/tex/g
eneric/pgf/math/pgfmathfunctions.code.tex)
(/Users/benjaminbubnick/Library/Application Support/MiKTeX/texmfs/install/tex/g
eneric/pgf/math/pgfmathfunctions.basic.code.tex)
(/Users/benjaminbubnick/Library/Application Support/MiKTeX/texmfs/install/tex/g
eneric/pgf/math/pgfmathfunctions.trigonometric.code.tex)
(/Users/benjaminbubnick/Library/Application Support/MiKTeX/texmfs/install/tex/g
eneric/pgf/math/pgfmathfunctions.random.code.tex)
(/Users/benjaminbubnick/Library/Application Support/MiKTeX/texmfs/install/tex/g
eneric/pgf/math/pgfmathfunctions.comparison.code.tex)
(/Users/benjaminbubnick/Library/Application Support/MiKTeX/texmfs/install/tex/g
eneric/pgf/math/pgfmathfunctions.base.code.tex)
(/Users/benjaminbubnick/Library/Application Support/MiKTeX/texmfs/install/tex/g
eneric/pgf/math/pgfmathfunctions.round.code.tex)
(/Users/benjaminbubnick/Library/Application Support/MiKTeX/texmfs/install/tex/g
eneric/pgf/math/pgfmathfunctions.misc.code.tex)
(/Users/benjaminbubnick/Library/Application Support/MiKTeX/texmfs/install/tex/g
eneric/pgf/math/pgfmathfunctions.integerarithmetics.code.tex)
(/Users/benjaminbubnick/Library/Application Support/MiKTeX/texmfs/install/tex/g
eneric/pgf/math/pgfmathcalc.code.tex)
(/Users/benjaminbubnick/Library/Application Support/MiKTeX/texmfs/install/tex/g
eneric/pgf/math/pgfmathfloat.code.tex
\c@pgfmathroundto@lastzeros=\count314
))
(/Users/benjaminbubnick/Library/Application Support/MiKTeX/texmfs/install/tex/g
eneric/pgf/math/pgfint.code.tex)
(/Users/benjaminbubnick/Library/Application Support/MiKTeX/texmfs/install/tex/g
eneric/pgf/basiclayer/pgfcorepoints.code.tex
File: pgfcorepoints.code.tex 2023-01-15 v3.1.10 (3.1.10)
\pgf@picminx=\dimen182
\pgf@picmaxx=\dimen183
\pgf@picminy=\dimen184
\pgf@picmaxy=\dimen185
\pgf@pathminx=\dimen186
\pgf@pathmaxx=\dimen187
\pgf@pathminy=\dimen188
\pgf@pathmaxy=\dimen189
\pgf@xx=\dimen190
\pgf@xy=\dimen191
\pgf@yx=\dimen192
\pgf@yy=\dimen193
\pgf@zx=\dimen194
\pgf@zy=\dimen195
)
(/Users/benjaminbubnick/Library/Application Support/MiKTeX/texmfs/install/tex/g
eneric/pgf/basiclayer/pgfcorepathconstruct.code.tex
File: pgfcorepathconstruct.code.tex 2023-01-15 v3.1.10 (3.1.10)
\pgf@path@lastx=\dimen196
\pgf@path@lasty=\dimen197
)
(/Users/benjaminbubnick/Library/Application Support/MiKTeX/texmfs/install/tex/g
eneric/pgf/basiclayer/pgfcorepathusage.code.tex
File: pgfcorepathusage.code.tex 2023-01-15 v3.1.10 (3.1.10)
\pgf@shorten@end@additional=\dimen198
\pgf@shorten@start@additional=\dimen199
)
(/Users/benjaminbubnick/Library/Application Support/MiKTeX/texmfs/install/tex/g
eneric/pgf/basiclayer/pgfcorescopes.code.tex
File: pgfcorescopes.code.tex 2023-01-15 v3.1.10 (3.1.10)
\pgfpic=\box60
\pgf@hbox=\box61
\pgf@layerbox@main=\box62
\pgf@picture@serial@count=\count315
)
(/Users/benjaminbubnick/Library/Application Support/MiKTeX/texmfs/install/tex/g
eneric/pgf/basiclayer/pgfcoregraphicstate.code.tex
File: pgfcoregraphicstate.code.tex 2023-01-15 v3.1.10 (3.1.10)
\pgflinewidth=\dimen256
)
(/Users/benjaminbubnick/Library/Application Support/MiKTeX/texmfs/install/tex/g
eneric/pgf/basiclayer/pgfcoretransformations.code.tex
File: pgfcoretransformations.code.tex 2023-01-15 v3.1.10 (3.1.10)
\pgf@pt@x=\dimen257
\pgf@pt@y=\dimen258
\pgf@pt@temp=\dimen259
)
(/Users/benjaminbubnick/Library/Application Support/MiKTeX/texmfs/install/tex/g
eneric/pgf/basiclayer/pgfcorequick.code.tex
File: pgfcorequick.code.tex 2023-01-15 v3.1.10 (3.1.10)
)
(/Users/benjaminbubnick/Library/Application Support/MiKTeX/texmfs/install/tex/g
eneric/pgf/basiclayer/pgfcoreobjects.code.tex
File: pgfcoreobjects.code.tex 2023-01-15 v3.1.10 (3.1.10)
)
(/Users/benjaminbubnick/Library/Application Support/MiKTeX/texmfs/install/tex/g
eneric/pgf/basiclayer/pgfcorepathprocessing.code.tex
File: pgfcorepathprocessing.code.tex 2023-01-15 v3.1.10 (3.1.10)
)
(/Users/benjaminbubnick/Library/Application Support/MiKTeX/texmfs/install/tex/g
eneric/pgf/basiclayer/pgfcorearrows.code.tex
File: pgfcorearrows.code.tex 2023-01-15 v3.1.10 (3.1.10)
\pgfarrowsep=\dimen260
)
(/Users/benjaminbubnick/Library/Application Support/MiKTeX/texmfs/install/tex/g
eneric/pgf/basiclayer/pgfcoreshade.code.tex
File: pgfcoreshade.code.tex 2023-01-15 v3.1.10 (3.1.10)
\pgf@max=\dimen261
\pgf@sys@shading@range@num=\count316
\pgf@shadingcount=\count317
)
(/Users/benjaminbubnick/Library/Application Support/MiKTeX/texmfs/install/tex/g
eneric/pgf/basiclayer/pgfcoreimage.code.tex
File: pgfcoreimage.code.tex 2023-01-15 v3.1.10 (3.1.10)
)
(/Users/benjaminbubnick/Library/Application Support/MiKTeX/texmfs/install/tex/g
eneric/pgf/basiclayer/pgfcoreexternal.code.tex
File: pgfcoreexternal.code.tex 2023-01-15 v3.1.10 (3.1.10)
\pgfexternal@startupbox=\box63
)
(/Users/benjaminbubnick/Library/Application Support/MiKTeX/texmfs/install/tex/g
eneric/pgf/basiclayer/pgfcorelayers.code.tex
File: pgfcorelayers.code.tex 2023-01-15 v3.1.10 (3.1.10)
)
(/Users/benjaminbubnick/Library/Application Support/MiKTeX/texmfs/install/tex/g
eneric/pgf/basiclayer/pgfcoretransparency.code.tex
File: pgfcoretransparency.code.tex 2023-01-15 v3.1.10 (3.1.10)
)
(/Users/benjaminbubnick/Library/Application Support/MiKTeX/texmfs/install/tex/g
eneric/pgf/basiclayer/pgfcorepatterns.code.tex
File: pgfcorepatterns.code.tex 2023-01-15 v3.1.10 (3.1.10)
)
(/Users/benjaminbubnick/Library/Application Support/MiKTeX/texmfs/install/tex/g
eneric/pgf/basiclayer/pgfcorerdf.code.tex
File: pgfcorerdf.code.tex 2023-01-15 v3.1.10 (3.1.10)
)))
(/Users/benjaminbubnick/Library/Application Support/MiKTeX/texmfs/install/tex/g
eneric/pgf/modules/pgfmoduleshapes.code.tex
File: pgfmoduleshapes.code.tex 2023-01-15 v3.1.10 (3.1.10)
\pgfnodeparttextbox=\box64
)
(/Users/benjaminbubnick/Library/Application Support/MiKTeX/texmfs/install/tex/g
eneric/pgf/modules/pgfmoduleplot.code.tex
File: pgfmoduleplot.code.tex 2023-01-15 v3.1.10 (3.1.10)
)
(/Users/benjaminbubnick/Library/Application Support/MiKTeX/texmfs/install/tex/l
atex/pgf/compatibility/pgfcomp-version-0-65.sty
Package: pgfcomp-version-0-65 2023-01-15 v3.1.10 (3.1.10)
\pgf@nodesepstart=\dimen262
\pgf@nodesepend=\dimen263
)
(/Users/benjaminbubnick/Library/Application Support/MiKTeX/texmfs/install/tex/l
atex/pgf/compatibility/pgfcomp-version-1-18.sty
Package: pgfcomp-version-1-18 2023-01-15 v3.1.10 (3.1.10)
))
(/Users/benjaminbubnick/Library/Application Support/MiKTeX/texmfs/install/tex/l
atex/pgf/utilities/pgffor.sty
(/Users/benjaminbubnick/Library/Application Support/MiKTeX/texmfs/install/tex/l
atex/pgf/utilities/pgfkeys.sty
(/Users/benjaminbubnick/Library/Application Support/MiKTeX/texmfs/install/tex/g
eneric/pgf/utilities/pgfkeys.code.tex))
(/Users/benjaminbubnick/Library/Application Support/MiKTeX/texmfs/install/tex/l
atex/pgf/math/pgfmath.sty
(/Users/benjaminbubnick/Library/Application Support/MiKTeX/texmfs/install/tex/g
eneric/pgf/math/pgfmath.code.tex))
(/Users/benjaminbubnick/Library/Application Support/MiKTeX/texmfs/install/tex/g
eneric/pgf/utilities/pgffor.code.tex
Package: pgffor 2023-01-15 v3.1.10 (3.1.10)
\pgffor@iter=\dimen264
\pgffor@skip=\dimen265
\pgffor@stack=\toks40
\pgffor@toks=\toks41
))
(/Users/benjaminbubnick/Library/Application Support/MiKTeX/texmfs/install/tex/g
eneric/pgf/frontendlayer/tikz/tikz.code.tex
Package: tikz 2023-01-15 v3.1.10 (3.1.10)

(/Users/benjaminbubnick/Library/Application Support/MiKTeX/texmfs/install/tex/g
eneric/pgf/libraries/pgflibraryplothandlers.code.tex
File: pgflibraryplothandlers.code.tex 2023-01-15 v3.1.10 (3.1.10)
\pgf@plot@mark@count=\count318
\pgfplotmarksize=\dimen266
)
\tikz@lastx=\dimen267
\tikz@lasty=\dimen268
\tikz@lastxsaved=\dimen269
\tikz@lastysaved=\dimen270
\tikz@lastmovetox=\dimen271
\tikz@lastmovetoy=\dimen272
\tikzleveldistance=\dimen273
\tikzsiblingdistance=\dimen274
\tikz@figbox=\box65
\tikz@figbox@bg=\box66
\tikz@tempbox=\box67
\tikz@tempbox@bg=\box68
\tikztreelevel=\count319
\tikznumberofchildren=\count320
\tikznumberofcurrentchild=\count321
\tikz@fig@count=\count322

(/Users/benjaminbubnick/Library/Application Support/MiKTeX/texmfs/install/tex/g
eneric/pgf/modules/pgfmodulematrix.code.tex
File: pgfmodulematrix.code.tex 2023-01-15 v3.1.10 (3.1.10)
\pgfmatrixcurrentrow=\count323
\pgfmatrixcurrentcolumn=\count324
\pgf@matrix@numberofcolumns=\count325
)
\tikz@expandcount=\count326

(/Users/benjaminbubnick/Library/Application Support/MiKTeX/texmfs/install/tex/g
eneric/pgf/frontendlayer/tikz/libraries/tikzlibrarytopaths.code.tex
File: tikzlibrarytopaths.code.tex 2023-01-15 v3.1.10 (3.1.10)
)))
(/Users/benjaminbubnick/Library/Application Support/MiKTeX/texmfs/install/tex/l
atex/tools/verbatim.sty
Package: verbatim 2024-01-22 v1.5x LaTeX2e package for verbatim enhancements
\every@verbatim=\toks42
\verbatim@line=\toks43
\verbatim@in@stream=\read3
)
(/Users/benjaminbubnick/Library/Application Support/MiKTeX/texmfs/install/tex/l
atex/environ/environ.sty
Package: environ 2014/05/04 v0.3 A new way to define environments

(/Users/benjaminbubnick/Library/Application Support/MiKTeX/texmfs/install/tex/l
atex/trimspaces/trimspaces.sty
Package: trimspaces 2009/09/17 v1.1 Trim spaces around a token list
))
\tcb@titlebox=\box69
\tcb@upperbox=\box70
\tcb@lowerbox=\box71
\tcb@phantombox=\box72
\c@tcbbreakpart=\count327
\c@tcblayer=\count328
\c@tcolorbox@number=\count329
\l__tcobox_tmpa_box=\box73
\l__tcobox_tmpa_dim=\dimen275
\tcb@temp=\box74
\tcb@temp=\box75
\tcb@temp=\box76
\tcb@temp=\box77

(/Users/benjaminbubnick/Library/Application Support/MiKTeX/texmfs/install/tex/l
atex/tcolorbox/tcbskins.code.tex
Library (tcolorbox): 'tcbskins.code.tex' version '6.4.1'

(/Users/benjaminbubnick/Library/Application Support/MiKTeX/texmfs/install/tex/l
atex/tikzfill/tikzfill.image.sty
Package: tikzfill.image 2023/08/08 v1.0.1 Image filling library for TikZ

(/Users/benjaminbubnick/Library/Application Support/MiKTeX/texmfs/install/tex/l
atex/tikzfill/tikzfill-common.sty
Package: tikzfill-common 2023/08/08 v1.0.1 Auxiliary code for tikzfill
)
(/Users/benjaminbubnick/Library/Application Support/MiKTeX/texmfs/install/tex/l
atex/tikzfill/tikzlibraryfill.image.code.tex
File: tikzlibraryfill.image.code.tex 2023/08/08 v1.0.1 Image filling library
\l__tikzfill_img_box=\box78
))
(/Users/benjaminbubnick/Library/Application Support/MiKTeX/texmfs/install/tex/l
atex/tcolorbox/tcbskinsjigsaw.code.tex
Library (tcolorbox): 'tcbskinsjigsaw.code.tex' version '6.4.1'
)))
(/Users/benjaminbubnick/Library/Application Support/MiKTeX/texmfs/install/tex/l
atex/parskip/parskip.sty
Package: parskip 2021-03-14 v2.0h non-zero parskip adjustments

(/Users/benjaminbubnick/Library/Application Support/MiKTeX/texmfs/install/tex/l
atex/kvoptions/kvoptions.sty
Package: kvoptions 2022-06-15 v3.15 Key value format for package options (HO)

(/Users/benjaminbubnick/Library/Application Support/MiKTeX/texmfs/install/tex/g
eneric/ltxcmds/ltxcmds.sty
Package: ltxcmds 2023-12-04 v1.26 LaTeX kernel commands for general use (HO)
)
(/Users/benjaminbubnick/Library/Application Support/MiKTeX/texmfs/install/tex/l
atex/kvsetkeys/kvsetkeys.sty
Package: kvsetkeys 2022-10-05 v1.19 Key value parser (HO)
)))
(/Users/benjaminbubnick/Library/Application Support/MiKTeX/texmfs/install/tex/l
atex/hyperref/hyperref.sty
Package: hyperref 2024-11-05 v7.01l Hypertext links for LaTeX

(/Users/benjaminbubnick/Library/Application Support/MiKTeX/texmfs/install/tex/g
eneric/kvdefinekeys/kvdefinekeys.sty
Package: kvdefinekeys 2019-12-19 v1.6 Define keys (HO)
)
(/Users/benjaminbubnick/Library/Application Support/MiKTeX/texmfs/install/tex/g
eneric/pdfescape/pdfescape.sty
Package: pdfescape 2019/12/09 v1.15 Implements pdfTeX's escape features (HO)

(/Users/benjaminbubnick/Library/Application Support/MiKTeX/texmfs/install/tex/g
eneric/pdftexcmds/pdftexcmds.sty
Package: pdftexcmds 2020-06-27 v0.33 Utility functions of pdfTeX for LuaTeX (HO
)

(/Users/benjaminbubnick/Library/Application Support/MiKTeX/texmfs/install/tex/g
eneric/infwarerr/infwarerr.sty
Package: infwarerr 2019/12/03 v1.5 Providing info/warning/error messages (HO)
)
Package pdftexcmds Info: \pdf@primitive is available.
Package pdftexcmds Info: \pdf@ifprimitive is available.
Package pdftexcmds Info: \pdfdraftmode not found.
))
(/Users/benjaminbubnick/Library/Application Support/MiKTeX/texmfs/install/tex/l
atex/hycolor/hycolor.sty
Package: hycolor 2020-01-27 v1.10 Color options for hyperref/bookmark (HO)
)
(/Users/benjaminbubnick/Library/Application Support/MiKTeX/texmfs/install/tex/l
atex/hyperref/nameref.sty
Package: nameref 2023-11-26 v2.56 Cross-referencing by name of section

(/Users/benjaminbubnick/Library/Application Support/MiKTeX/texmfs/install/tex/l
atex/refcount/refcount.sty
Package: refcount 2019/12/15 v3.6 Data extraction from label references (HO)
)
(/Users/benjaminbubnick/Library/Application Support/MiKTeX/texmfs/install/tex/g
eneric/gettitlestring/gettitlestring.sty
Package: gettitlestring 2019/12/15 v1.6 Cleanup title references (HO)
)
\c@section@level=\count330
)
(/Users/benjaminbubnick/Library/Application Support/MiKTeX/texmfs/install/tex/g
eneric/stringenc/stringenc.sty
Package: stringenc 2019/11/29 v1.12 Convert strings between diff. encodings (HO
)
)
\@linkdim=\dimen276
\Hy@linkcounter=\count331
\Hy@pagecounter=\count332

(/Users/benjaminbubnick/Library/Application Support/MiKTeX/texmfs/install/tex/l
atex/hyperref/pd1enc.def
File: pd1enc.def 2024-11-05 v7.01l Hyperref: PDFDocEncoding definition (HO)
)
(/Users/benjaminbubnick/Library/Application Support/MiKTeX/texmfs/install/tex/g
eneric/intcalc/intcalc.sty
Package: intcalc 2019/12/15 v1.3 Expandable calculations with integers (HO)
)
\Hy@SavedSpaceFactor=\count333

(/Users/benjaminbubnick/Library/Application Support/MiKTeX/texmfs/install/tex/l
atex/hyperref/puenc.def
File: puenc.def 2024-11-05 v7.01l Hyperref: PDF Unicode definition (HO)
)
Package hyperref Info: Option `unicode' set `true' on input line 4040.
Package hyperref Info: Hyper figures OFF on input line 4157.
Package hyperref Info: Link nesting OFF on input line 4162.
Package hyperref Info: Hyper index ON on input line 4165.
Package hyperref Info: Plain pages OFF on input line 4172.
Package hyperref Info: Backreferencing OFF on input line 4177.
Package hyperref Info: Implicit mode ON; LaTeX internals redefined.
Package hyperref Info: Bookmarks ON on input line 4424.
\c@Hy@tempcnt=\count334

(/Users/benjaminbubnick/Library/Application Support/MiKTeX/texmfs/install/tex/l
atex/url/url.sty
\Urlmuskip=\muskip19
Package: url 2013/09/16  ver 3.4  Verb mode for urls, etc.
)
LaTeX Info: Redefining \url on input line 4763.
\XeTeXLinkMargin=\dimen277

(/Users/benjaminbubnick/Library/Application Support/MiKTeX/texmfs/install/tex/g
eneric/bitset/bitset.sty
Package: bitset 2019/12/09 v1.3 Handle bit-vector datatype (HO)

(/Users/benjaminbubnick/Library/Application Support/MiKTeX/texmfs/install/tex/g
eneric/bigintcalc/bigintcalc.sty
Package: bigintcalc 2019/12/15 v1.5 Expandable calculations on big integers (HO
)
))
\Fld@menulength=\count335
\Field@Width=\dimen278
\Fld@charsize=\dimen279
Package hyperref Info: Hyper figures OFF on input line 6042.
Package hyperref Info: Link nesting OFF on input line 6047.
Package hyperref Info: Hyper index ON on input line 6050.
Package hyperref Info: backreferencing OFF on input line 6057.
Package hyperref Info: Link coloring OFF on input line 6062.
Package hyperref Info: Link coloring with OCG OFF on input line 6067.
Package hyperref Info: PDF/A mode OFF on input line 6072.

(/Users/benjaminbubnick/Library/Application Support/MiKTeX/texmfs/install/tex/l
atex/base/atbegshi-ltx.sty
Package: atbegshi-ltx 2021/01/10 v1.0c Emulation of the original atbegshi
package with kernel methods
)
\Hy@abspage=\count336
\c@Item=\count337
\c@Hfootnote=\count338
)
Package hyperref Info: Driver (autodetected): hxetex.

(/Users/benjaminbubnick/Library/Application Support/MiKTeX/texmfs/install/tex/l
atex/hyperref/hxetex.def
File: hxetex.def 2024-11-05 v7.01l Hyperref driver for XeTeX
\pdfm@box=\box79
\c@Hy@AnnotLevel=\count339
\HyField@AnnotCount=\count340
\Fld@listcount=\count341
\c@bookmark@seq@number=\count342

(/Users/benjaminbubnick/Library/Application Support/MiKTeX/texmfs/install/tex/l
atex/rerunfilecheck/rerunfilecheck.sty
Package: rerunfilecheck 2022-07-10 v1.10 Rerun checks for auxiliary files (HO)

(/Users/benjaminbubnick/Library/Application Support/MiKTeX/texmfs/install/tex/l
atex/base/atveryend-ltx.sty
Package: atveryend-ltx 2020/08/19 v1.0a Emulation of the original atveryend pac
kage
with kernel methods
)
(/Users/benjaminbubnick/Library/Application Support/MiKTeX/texmfs/install/tex/g
eneric/uniquecounter/uniquecounter.sty
Package: uniquecounter 2019/12/15 v1.4 Provide unlimited unique counter (HO)
)
Package uniquecounter Info: New unique counter `rerunfilecheck' on input line 2
85.
)
\Hy@SectionHShift=\skip88
))
(/Users/benjaminbubnick/Library/Application Support/MiKTeX/texmfs/install/tex/l
atex/changepage/changepage.sty
Package: changepage 2009/10/20 v1.0c check page and change page layout
\c@cp@cntr=\count343
\cp@tempcnt=\count344
)
(/Users/benjaminbubnick/Library/Application Support/MiKTeX/texmfs/install/tex/l
atex/hyphenat/hyphenat.sty
Package: hyphenat 2009/09/02 v2.3c hyphenation utilities
\langwohyphens=\language79
LaTeX Info: Redefining \_ on input line 43.
)
LaTeX Font Info:    Font shape `TU/SourceSansPro(0)/m/n' will be
(Font)              scaled to size 10.95pt on input line 73.
 (abstract.aux)
\openout1 = `abstract.aux'.

LaTeX Font Info:    Checking defaults for OML/cmm/m/it on input line 73.
LaTeX Font Info:    ... okay on input line 73.
LaTeX Font Info:    Checking defaults for OMS/cmsy/m/n on input line 73.
LaTeX Font Info:    ... okay on input line 73.
LaTeX Font Info:    Checking defaults for OT1/cmr/m/n on input line 73.
LaTeX Font Info:    ... okay on input line 73.
LaTeX Font Info:    Checking defaults for T1/cmr/m/n on input line 73.
LaTeX Font Info:    ... okay on input line 73.
LaTeX Font Info:    Checking defaults for TS1/cmr/m/n on input line 73.
LaTeX Font Info:    ... okay on input line 73.
LaTeX Font Info:    Checking defaults for TU/lmr/m/n on input line 73.
LaTeX Font Info:    ... okay on input line 73.
LaTeX Font Info:    Checking defaults for OMX/cmex/m/n on input line 73.
LaTeX Font Info:    ... okay on input line 73.
LaTeX Font Info:    Checking defaults for U/cmr/m/n on input line 73.
LaTeX Font Info:    ... okay on input line 73.
LaTeX Font Info:    Checking defaults for PD1/pdf/m/n on input line 73.
LaTeX Font Info:    ... okay on input line 73.
LaTeX Font Info:    Checking defaults for PU/pdf/m/n on input line 73.
LaTeX Font Info:    ... okay on input line 73.

*geometry* driver: auto-detecting
*geometry* detected driver: xetex
*geometry* verbose mode - [ preamble ] result:
* driver: xetex
* paper: letterpaper
* layout: <same size as paper>
* layoutoffset:(h,v)=(0.0pt,0.0pt)
* modes: 
* h-part:(L,W,R)=(39.83368pt, 534.62764pt, 39.83368pt)
* v-part:(T,H,B)=(22.76228pt, 720.99266pt, 51.21504pt)
* \paperwidth=614.295pt
* \paperheight=794.96999pt
* \textwidth=534.62764pt
* \textheight=720.99266pt
* \oddsidemargin=-32.43631pt
* \evensidemargin=-32.43631pt
* \topmargin=-86.5077pt
* \headheight=12.0pt
* \headsep=25.0pt
* \topskip=11.0pt
* \footskip=14.22636pt
* \marginparwidth=59.0pt
* \marginparsep=10.0pt
* \columnsep=10.0pt
* \skip\footins=10.0pt plus 4.0pt minus 2.0pt
* \hoffset=0.0pt
* \voffset=0.0pt
* \mag=1000
* \@twocolumnfalse
* \@twosidefalse
* \@mparswitchfalse
* \@reversemarginfalse
* (1in=72.27pt=25.4mm, 1cm=28.453pt)

LaTeX Font Info:    Overwriting math alphabet `\mathrm' in version `normal'
(Font)                  OT1/cmr/m/n --> TU/lmr/m/n on input line 73.
LaTeX Font Info:    Overwriting math alphabet `\mathit' in version `normal'
(Font)                  OT1/cmr/m/it --> TU/lmr/m/it on input line 73.
LaTeX Font Info:    Overwriting math alphabet `\mathbf' in version `normal'
(Font)                  OT1/cmr/bx/n --> TU/lmr/bx/n on input line 73.
LaTeX Font Info:    Overwriting math alphabet `\mathtt' in version `normal'
(Font)                  OT1/cmtt/m/n --> TU/lmtt/m/n on input line 73.
LaTeX Font Info:    Overwriting math alphabet `\mathtt' in version `bold'
(Font)                  OT1/cmtt/m/n --> TU/lmtt/bx/n on input line 73.
LaTeX Font Info:    Encoding `OT1' has changed to `TU' for symbol font
(Font)              `operators' in the math version `normal' on input line 73.
LaTeX Font Info:    Overwriting symbol font `operators' in version `normal'
(Font)                  OT1/cmr/m/n --> TU/latinmodern-math.otf(1)/m/n on input
 line 73.
LaTeX Font Info:    Encoding `OT1' has changed to `TU' for symbol font
(Font)              `operators' in the math version `bold' on input line 73.
LaTeX Font Info:    Overwriting symbol font `operators' in version `bold'
(Font)                  OT1/cmr/bx/n --> TU/latinmodern-math.otf(1)/b/n on inpu
t line 73.
LaTeX Font Info:    Encoding `OMS' has changed to `TU' for symbol font
(Font)              `symbols' in the math version `normal' on input line 73.
LaTeX Font Info:    Overwriting symbol font `symbols' in version `normal'
(Font)                  OMS/cmsy/m/n --> TU/latinmodern-math.otf(2)/m/n on inpu
t line 73.
LaTeX Font Info:    Encoding `OMS' has changed to `TU' for symbol font
(Font)              `symbols' in the math version `bold' on input line 73.
LaTeX Font Info:    Overwriting symbol font `symbols' in version `bold'
(Font)                  OMS/cmsy/b/n --> TU/latinmodern-math.otf(2)/b/n on inpu
t line 73.
LaTeX Font Info:    Encoding `OMX' has changed to `TU' for symbol font
(Font)              `largesymbols' in the math version `normal' on input line 7
3.
LaTeX Font Info:    Overwriting symbol font `largesymbols' in version `normal'
(Font)                  OMX/cmex/m/n --> TU/latinmodern-math.otf(3)/m/n on inpu
t line 73.
LaTeX Font Info:    Encoding `OMX' has changed to `TU' for symbol font
(Font)              `largesymbols' in the math version `bold' on input line 73.

LaTeX Font Info:    Overwriting symbol font `largesymbols' in version `bold'
(Font)                  OMX/cmex/m/n --> TU/latinmodern-math.otf(3)/b/n on inpu
t line 73.
Package hyperref Info: Link coloring OFF on input line 73.
(abstract.out) (abstract.out)
\@outlinefile=\write4
\openout4 = `abstract.out'.

\headertextwidth=\skip89
\headerphotowidth=\skip90
LaTeX Font Info:    Font shape `TU/latinmodern-math.otf(2)/m/n' will be
(Font)              scaled to size 10.95116pt on input line 77.
LaTeX Font Info:    Font shape `TU/latinmodern-math.otf(2)/m/n' will be
(Font)              scaled to size 7.6658pt on input line 77.
LaTeX Font Info:    Font shape `TU/latinmodern-math.otf(2)/m/n' will be
(Font)              scaled to size 5.47559pt on input line 77.
LaTeX Font Info:    Font shape `TU/latinmodern-math.otf(3)/m/n' will be
(Font)              scaled to size 10.94882pt on input line 77.
LaTeX Font Info:    Font shape `TU/latinmodern-math.otf(3)/m/n' will be
(Font)              scaled to size 7.66417pt on input line 77.
LaTeX Font Info:    Font shape `TU/latinmodern-math.otf(3)/m/n' will be
(Font)              scaled to size 5.47441pt on input line 77.
LaTeX Font Info:    Font shape `TU/SourceSansPro(1)/m/n' will be
(Font)              scaled to size 11.0pt on input line 77.
LaTeX Font Info:    Font shape `TU/SourceSansPro(1)/m/sc' will be
(Font)              scaled to size 11.0pt on input line 77.

Overfull \hbox (2.92001pt too wide) in paragraph at lines 77--78
[]$[]$  $[]$$[]$
 []


Underfull \hbox (badness 10000) in paragraph at lines 77--78

 []

(content/accomplishments.tex) (content/dates.tex) (content/descriptions.tex)
(content/honors.tex) (content/locations.tex) (content/orgs.tex)
(content/positions.tex) (content/presentations.tex) (content/skills.tex)
(content/tools.tex) (content/exerience/exp.tex
LaTeX Font Info:    Font shape `TU/SourceSansPro(1)/m/n' will be
(Font)              scaled to size 16.0pt on input line 4.
LaTeX Font Info:    Font shape `TU/SourceSansPro(1)/b/n' will be
(Font)              scaled to size 16.0pt on input line 4.
LaTeX Font Info:    Font shape `TU/SourceSansPro(1)/m/n' will be
(Font)              scaled to size 13.0pt on input line 23.
LaTeX Font Info:    Font shape `TU/SourceSansPro(1)/b/n' will be
(Font)              scaled to size 13.0pt on input line 23.
LaTeX Font Info:    Font shape `TU/SourceSansPro(2)/m/n' will be
(Font)              scaled to size 11.0pt on input line 23.
LaTeX Font Info:    Font shape `TU/SourceSansPro(2)/m/sl' in size <11> not avai
lable
(Font)              Font shape `TU/SourceSansPro(2)/m/it' tried instead on inpu
t line 23.
LaTeX Font Info:    Font shape `TU/SourceSansPro(2)/m/it' will be
(Font)              scaled to size 11.0pt on input line 23.
LaTeX Font Info:    Font shape `TU/SourceSansPro(2)/m/n' will be
(Font)              scaled to size 12.0pt on input line 23.
LaTeX Font Info:    Font shape `TU/SourceSansPro(2)/m/sl' in size <12> not avai
lable
(Font)              Font shape `TU/SourceSansPro(2)/m/it' tried instead on inpu
t line 23.
LaTeX Font Info:    Font shape `TU/SourceSansPro(2)/m/it' will be
(Font)              scaled to size 12.0pt on input line 23.

Overfull \hbox (28.45274pt too wide) in alignment at lines 70--70
[] [] [] [] 
 []


Overfull \hbox (28.45274pt too wide) in alignment at lines 82--82
[] [] [] [] 
 []


Overfull \hbox (28.45274pt too wide) in alignment at lines 94--94
[] [] [] [] 
 []


Overfull \hbox (28.45274pt too wide) in alignment at lines 106--106
[] [] [] [] 
 []


Overfull \hbox (28.45274pt too wide) in alignment at lines 118--118
[] [] [] [] 
 []

) (content/exerience/oex.tex
LaTeX Font Info:    Font shape `TU/latinmodern-math.otf(2)/m/n' will be
(Font)              scaled to size 12.00128pt on input line 17.
LaTeX Font Info:    Font shape `TU/latinmodern-math.otf(2)/m/n' will be
(Font)              scaled to size 8.00085pt on input line 17.
LaTeX Font Info:    Font shape `TU/latinmodern-math.otf(2)/m/n' will be
(Font)              scaled to size 6.00064pt on input line 17.
LaTeX Font Info:    Font shape `TU/latinmodern-math.otf(3)/m/n' will be
(Font)              scaled to size 11.99872pt on input line 17.
LaTeX Font Info:    Font shape `TU/latinmodern-math.otf(3)/m/n' will be
(Font)              scaled to size 7.99915pt on input line 17.
LaTeX Font Info:    Font shape `TU/latinmodern-math.otf(3)/m/n' will be
(Font)              scaled to size 5.99936pt on input line 17.
LaTeX Font Info:    Font shape `TU/SourceSansPro(2)/b/n' will be
(Font)              scaled to size 12.0pt on input line 17.

Overfull \hbox (28.45274pt too wide) in alignment at lines 17--17
[] [] 
 []


Overfull \hbox (28.45274pt too wide) in alignment at lines 25--25
[] [] 
 []


Overfull \hbox (28.45274pt too wide) in alignment at lines 42--42
[] [] 
 []

) (content/education/edu.tex
LaTeX Font Info:    Font shape `TU/SourceSansPro(1)/b/n' will be
(Font)              scaled to size 11.0pt on input line 14.

Overfull \hbox (39.23965pt too wide) in alignment at lines 8--22
[] [] [] 
 []

)

[1

] (abstract.aux)
 ***********
LaTeX2e <2024-11-01> patch level 2
L3 programming layer <2025-01-18>
 ***********
Package rerunfilecheck Info: File `abstract.out' has not changed.
(rerunfilecheck)             Checksum: D41D8CD98F00B204E9800998ECF8427E;0.
 ) 
Here is how much of TeX's memory you used:
 33040 strings out of 408645
 664166 string characters out of 5739100
 1237456 words of memory out of 5000000
 55559 multiletter control sequences out of 15000+600000
 563160 words of font info for 121 fonts, out of 8000000 for 9000
 1348 hyphenation exceptions out of 8191
 131i,11n,135p,571b,366s stack positions out of 10000i,1000n,20000p,200000b,200000s

Output written on abstract.pdf (1 page).
